------------------------------------------------------------
Timing Analyzer Summary
------------------------------------------------------------

Type  : Slow 1200mV 85C Model Setup 'ly_2257_5_2:js|Q[1]'
Slack : -2.677
TNS   : -15.529

Type  : Slow 1200mV 85C Model Setup 'clk'
Slack : -2.438
TNS   : -46.380

Type  : Slow 1200mV 85C Model Setup 'ly_2257_5_1:fd|key_state'
Slack : -1.997
TNS   : -3.939

Type  : Slow 1200mV 85C Model Hold 'clk'
Slack : 0.453
TNS   : 0.000

Type  : Slow 1200mV 85C Model Hold 'ly_2257_5_1:fd|key_state'
Slack : 0.466
TNS   : 0.000

Type  : Slow 1200mV 85C Model Hold 'ly_2257_5_2:js|Q[1]'
Slack : 1.084
TNS   : 0.000

Type  : Slow 1200mV 85C Model Minimum Pulse Width 'clk'
Slack : -3.000
TNS   : -43.149

Type  : Slow 1200mV 85C Model Minimum Pulse Width 'ly_2257_5_1:fd|key_state'
Slack : -1.487
TNS   : -5.948

Type  : Slow 1200mV 85C Model Minimum Pulse Width 'ly_2257_5_2:js|Q[1]'
Slack : 0.321
TNS   : 0.000

Type  : Slow 1200mV 0C Model Setup 'ly_2257_5_2:js|Q[1]'
Slack : -2.597
TNS   : -14.886

Type  : Slow 1200mV 0C Model Setup 'clk'
Slack : -2.202
TNS   : -39.391

Type  : Slow 1200mV 0C Model Setup 'ly_2257_5_1:fd|key_state'
Slack : -1.803
TNS   : -3.180

Type  : Slow 1200mV 0C Model Hold 'clk'
Slack : 0.401
TNS   : 0.000

Type  : Slow 1200mV 0C Model Hold 'ly_2257_5_1:fd|key_state'
Slack : 0.418
TNS   : 0.000

Type  : Slow 1200mV 0C Model Hold 'ly_2257_5_2:js|Q[1]'
Slack : 1.131
TNS   : 0.000

Type  : Slow 1200mV 0C Model Minimum Pulse Width 'clk'
Slack : -3.000
TNS   : -43.149

Type  : Slow 1200mV 0C Model Minimum Pulse Width 'ly_2257_5_1:fd|key_state'
Slack : -1.487
TNS   : -5.948

Type  : Slow 1200mV 0C Model Minimum Pulse Width 'ly_2257_5_2:js|Q[1]'
Slack : 0.272
TNS   : 0.000

Type  : Fast 1200mV 0C Model Setup 'ly_2257_5_2:js|Q[1]'
Slack : -1.008
TNS   : -5.557

Type  : Fast 1200mV 0C Model Setup 'clk'
Slack : -0.487
TNS   : -5.617

Type  : Fast 1200mV 0C Model Setup 'ly_2257_5_1:fd|key_state'
Slack : -0.466
TNS   : -1.058

Type  : Fast 1200mV 0C Model Hold 'ly_2257_5_1:fd|key_state'
Slack : 0.184
TNS   : 0.000

Type  : Fast 1200mV 0C Model Hold 'clk'
Slack : 0.187
TNS   : 0.000

Type  : Fast 1200mV 0C Model Hold 'ly_2257_5_2:js|Q[1]'
Slack : 0.375
TNS   : 0.000

Type  : Fast 1200mV 0C Model Minimum Pulse Width 'clk'
Slack : -3.000
TNS   : -31.728

Type  : Fast 1200mV 0C Model Minimum Pulse Width 'ly_2257_5_1:fd|key_state'
Slack : -1.000
TNS   : -4.000

Type  : Fast 1200mV 0C Model Minimum Pulse Width 'ly_2257_5_2:js|Q[1]'
Slack : 0.441
TNS   : 0.000

------------------------------------------------------------
